// Jest Snapshot v1, https://goo.gl/fbAQLP

exports[`<CakeList /> Renders out 1`] = `
<ul
  className="CakeList"
>
  <li
    className="Cake"
  >
    <h2
      className="Cake-title"
    >
       
      Lemon cheesecake
       
    </h2>
    <p>
       
      A cheesecake made of lemon
       
    </p>
    <img
      alt="Lemon cheesecake"
      className="Cake-image"
      src="https://s3-eu-west-1.amazonaws.com/s3.mediafileserver.co.uk/carnation/WebFiles/RecipeImages/lemoncheesecake_lg.jpg"
    />
    <button
      className="Cake-edit"
      onClick={undefined}
      value={0}
    >
      ðŸ–Š
    </button>
    <button
      className="Cake-remove"
      onClick={undefined}
      value={0}
    >
      X
    </button>
  </li>
</ul>
`;

exports[`<CakeList /> Renders whole list 1`] = `
<ul
  className="CakeList"
>
  <li
    className="Cake"
  >
    <h2
      className="Cake-title"
    >
       
      Lemon cheesecake
       
    </h2>
    <p>
       
      A cheesecake made of lemon
       
    </p>
    <img
      alt="Lemon cheesecake"
      className="Cake-image"
      src="https://s3-eu-west-1.amazonaws.com/s3.mediafileserver.co.uk/carnation/WebFiles/RecipeImages/lemoncheesecake_lg.jpg"
    />
    <button
      className="Cake-edit"
      onClick={undefined}
      value={0}
    >
      ðŸ–Š
    </button>
    <button
      className="Cake-remove"
      onClick={undefined}
      value={0}
    >
      X
    </button>
  </li>
  <li
    className="Cake"
  >
    <h2
      className="Cake-title"
    >
       
      victoria sponge
       
    </h2>
    <p>
       
      sponge with jam
       
    </p>
    <img
      alt="victoria sponge"
      className="Cake-image"
      src="http://www.bbcgoodfood.com/sites/bbcgoodfood.com/files/recipe_images/recipe-image-legacy-id--1001468_10.jpg"
    />
    <button
      className="Cake-edit"
      onClick={undefined}
      value={1}
    >
      ðŸ–Š
    </button>
    <button
      className="Cake-remove"
      onClick={undefined}
      value={1}
    >
      X
    </button>
  </li>
  <li
    className="Cake"
  >
    <h2
      className="Cake-title"
    >
       
      Carrot cake
       
    </h2>
    <p>
       
      Bugs bunnys favourite
       
    </p>
    <img
      alt="Carrot cake"
      className="Cake-image"
      src="http://www.villageinn.com/i/pies/profile/carrotcake_main1.jpg"
    />
    <button
      className="Cake-edit"
      onClick={undefined}
      value={2}
    >
      ðŸ–Š
    </button>
    <button
      className="Cake-remove"
      onClick={undefined}
      value={2}
    >
      X
    </button>
  </li>
  <li
    className="Cake"
  >
    <h2
      className="Cake-title"
    >
       
      Banana cake
       
    </h2>
    <p>
       
      Donkey kongs favourite
       
    </p>
    <img
      alt="Banana cake"
      className="Cake-image"
      src="http://ukcdn.ar-cdn.com/recipes/xlarge/ff22df7f-dbcd-4a09-81f7-9c1d8395d936.jpg"
    />
    <button
      className="Cake-edit"
      onClick={undefined}
      value={3}
    >
      ðŸ–Š
    </button>
    <button
      className="Cake-remove"
      onClick={undefined}
      value={3}
    >
      X
    </button>
  </li>
  <li
    className="Cake"
  >
    <h2
      className="Cake-title"
    >
       
      Birthday cake
       
    </h2>
    <p>
       
      a yearly treat
       
    </p>
    <img
      alt="Birthday cake"
      className="Cake-image"
      src="http://cornandco.com/wp-content/uploads/2014/05/birthday-cake-popcorn.jpg"
    />
    <button
      className="Cake-edit"
      onClick={undefined}
      value={4}
    >
      ðŸ–Š
    </button>
    <button
      className="Cake-remove"
      onClick={undefined}
      value={4}
    >
      X
    </button>
  </li>
  <li
    className="Cake"
  >
    <h2
      className="Cake-title"
    >
       
      Lemon cheesecake
       
    </h2>
    <p>
       
      A cheesecake made of lemon
       
    </p>
    <img
      alt="Lemon cheesecake"
      className="Cake-image"
      src="https://s3-eu-west-1.amazonaws.com/s3.mediafileserver.co.uk/carnation/WebFiles/RecipeImages/lemoncheesecake_lg.jpg"
    />
    <button
      className="Cake-edit"
      onClick={undefined}
      value={5}
    >
      ðŸ–Š
    </button>
    <button
      className="Cake-remove"
      onClick={undefined}
      value={5}
    >
      X
    </button>
  </li>
  <li
    className="Cake"
  >
    <h2
      className="Cake-title"
    >
       
      victoria sponge
       
    </h2>
    <p>
       
      sponge with jam
       
    </p>
    <img
      alt="victoria sponge"
      className="Cake-image"
      src="http://www.bbcgoodfood.com/sites/bbcgoodfood.com/files/recipe_images/recipe-image-legacy-id--1001468_10.jpg"
    />
    <button
      className="Cake-edit"
      onClick={undefined}
      value={6}
    >
      ðŸ–Š
    </button>
    <button
      className="Cake-remove"
      onClick={undefined}
      value={6}
    >
      X
    </button>
  </li>
  <li
    className="Cake"
  >
    <h2
      className="Cake-title"
    >
       
      Carrot cake
       
    </h2>
    <p>
       
      Bugs bunnys favourite
       
    </p>
    <img
      alt="Carrot cake"
      className="Cake-image"
      src="http://www.villageinn.com/i/pies/profile/carrotcake_main1.jpg"
    />
    <button
      className="Cake-edit"
      onClick={undefined}
      value={7}
    >
      ðŸ–Š
    </button>
    <button
      className="Cake-remove"
      onClick={undefined}
      value={7}
    >
      X
    </button>
  </li>
  <li
    className="Cake"
  >
    <h2
      className="Cake-title"
    >
       
      Banana cake
       
    </h2>
    <p>
       
      Donkey kongs favourite
       
    </p>
    <img
      alt="Banana cake"
      className="Cake-image"
      src="http://ukcdn.ar-cdn.com/recipes/xlarge/ff22df7f-dbcd-4a09-81f7-9c1d8395d936.jpg"
    />
    <button
      className="Cake-edit"
      onClick={undefined}
      value={8}
    >
      ðŸ–Š
    </button>
    <button
      className="Cake-remove"
      onClick={undefined}
      value={8}
    >
      X
    </button>
  </li>
  <li
    className="Cake"
  >
    <h2
      className="Cake-title"
    >
       
      Birthday cake
       
    </h2>
    <p>
       
      a yearly treat
       
    </p>
    <img
      alt="Birthday cake"
      className="Cake-image"
      src="http://cornandco.com/wp-content/uploads/2014/05/birthday-cake-popcorn.jpg"
    />
    <button
      className="Cake-edit"
      onClick={undefined}
      value={9}
    >
      ðŸ–Š
    </button>
    <button
      className="Cake-remove"
      onClick={undefined}
      value={9}
    >
      X
    </button>
  </li>
  <li
    className="Cake"
  >
    <h2
      className="Cake-title"
    >
       
      Lemon cheesecake
       
    </h2>
    <p>
       
      A cheesecake made of lemon
       
    </p>
    <img
      alt="Lemon cheesecake"
      className="Cake-image"
      src="https://s3-eu-west-1.amazonaws.com/s3.mediafileserver.co.uk/carnation/WebFiles/RecipeImages/lemoncheesecake_lg.jpg"
    />
    <button
      className="Cake-edit"
      onClick={undefined}
      value={10}
    >
      ðŸ–Š
    </button>
    <button
      className="Cake-remove"
      onClick={undefined}
      value={10}
    >
      X
    </button>
  </li>
  <li
    className="Cake"
  >
    <h2
      className="Cake-title"
    >
       
      victoria sponge
       
    </h2>
    <p>
       
      sponge with jam
       
    </p>
    <img
      alt="victoria sponge"
      className="Cake-image"
      src="http://www.bbcgoodfood.com/sites/bbcgoodfood.com/files/recipe_images/recipe-image-legacy-id--1001468_10.jpg"
    />
    <button
      className="Cake-edit"
      onClick={undefined}
      value={11}
    >
      ðŸ–Š
    </button>
    <button
      className="Cake-remove"
      onClick={undefined}
      value={11}
    >
      X
    </button>
  </li>
  <li
    className="Cake"
  >
    <h2
      className="Cake-title"
    >
       
      Carrot cake
       
    </h2>
    <p>
       
      Bugs bunnys favourite
       
    </p>
    <img
      alt="Carrot cake"
      className="Cake-image"
      src="http://www.villageinn.com/i/pies/profile/carrotcake_main1.jpg"
    />
    <button
      className="Cake-edit"
      onClick={undefined}
      value={12}
    >
      ðŸ–Š
    </button>
    <button
      className="Cake-remove"
      onClick={undefined}
      value={12}
    >
      X
    </button>
  </li>
  <li
    className="Cake"
  >
    <h2
      className="Cake-title"
    >
       
      Banana cake
       
    </h2>
    <p>
       
      Donkey kongs favourite
       
    </p>
    <img
      alt="Banana cake"
      className="Cake-image"
      src="http://ukcdn.ar-cdn.com/recipes/xlarge/ff22df7f-dbcd-4a09-81f7-9c1d8395d936.jpg"
    />
    <button
      className="Cake-edit"
      onClick={undefined}
      value={13}
    >
      ðŸ–Š
    </button>
    <button
      className="Cake-remove"
      onClick={undefined}
      value={13}
    >
      X
    </button>
  </li>
  <li
    className="Cake"
  >
    <h2
      className="Cake-title"
    >
       
      Birthday cake
       
    </h2>
    <p>
       
      a yearly treat
       
    </p>
    <img
      alt="Birthday cake"
      className="Cake-image"
      src="http://cornandco.com/wp-content/uploads/2014/05/birthday-cake-popcorn.jpg"
    />
    <button
      className="Cake-edit"
      onClick={undefined}
      value={14}
    >
      ðŸ–Š
    </button>
    <button
      className="Cake-remove"
      onClick={undefined}
      value={14}
    >
      X
    </button>
  </li>
  <li
    className="Cake"
  >
    <h2
      className="Cake-title"
    >
       
      Lemon cheesecake
       
    </h2>
    <p>
       
      A cheesecake made of lemon
       
    </p>
    <img
      alt="Lemon cheesecake"
      className="Cake-image"
      src="https://s3-eu-west-1.amazonaws.com/s3.mediafileserver.co.uk/carnation/WebFiles/RecipeImages/lemoncheesecake_lg.jpg"
    />
    <button
      className="Cake-edit"
      onClick={undefined}
      value={15}
    >
      ðŸ–Š
    </button>
    <button
      className="Cake-remove"
      onClick={undefined}
      value={15}
    >
      X
    </button>
  </li>
  <li
    className="Cake"
  >
    <h2
      className="Cake-title"
    >
       
      victoria sponge
       
    </h2>
    <p>
       
      sponge with jam
       
    </p>
    <img
      alt="victoria sponge"
      className="Cake-image"
      src="http://www.bbcgoodfood.com/sites/bbcgoodfood.com/files/recipe_images/recipe-image-legacy-id--1001468_10.jpg"
    />
    <button
      className="Cake-edit"
      onClick={undefined}
      value={16}
    >
      ðŸ–Š
    </button>
    <button
      className="Cake-remove"
      onClick={undefined}
      value={16}
    >
      X
    </button>
  </li>
  <li
    className="Cake"
  >
    <h2
      className="Cake-title"
    >
       
      Carrot cake
       
    </h2>
    <p>
       
      Bugs bunnys favourite
       
    </p>
    <img
      alt="Carrot cake"
      className="Cake-image"
      src="http://www.villageinn.com/i/pies/profile/carrotcake_main1.jpg"
    />
    <button
      className="Cake-edit"
      onClick={undefined}
      value={17}
    >
      ðŸ–Š
    </button>
    <button
      className="Cake-remove"
      onClick={undefined}
      value={17}
    >
      X
    </button>
  </li>
  <li
    className="Cake"
  >
    <h2
      className="Cake-title"
    >
       
      Banana cake
       
    </h2>
    <p>
       
      Donkey kongs favourite
       
    </p>
    <img
      alt="Banana cake"
      className="Cake-image"
      src="http://ukcdn.ar-cdn.com/recipes/xlarge/ff22df7f-dbcd-4a09-81f7-9c1d8395d936.jpg"
    />
    <button
      className="Cake-edit"
      onClick={undefined}
      value={18}
    >
      ðŸ–Š
    </button>
    <button
      className="Cake-remove"
      onClick={undefined}
      value={18}
    >
      X
    </button>
  </li>
  <li
    className="Cake"
  >
    <h2
      className="Cake-title"
    >
       
      Birthday cake
       
    </h2>
    <p>
       
      a yearly treat
       
    </p>
    <img
      alt="Birthday cake"
      className="Cake-image"
      src="http://cornandco.com/wp-content/uploads/2014/05/birthday-cake-popcorn.jpg"
    />
    <button
      className="Cake-edit"
      onClick={undefined}
      value={19}
    >
      ðŸ–Š
    </button>
    <button
      className="Cake-remove"
      onClick={undefined}
      value={19}
    >
      X
    </button>
  </li>
</ul>
`;
